../Core/Src/main.c:64:6:LEDInit	8	static
../Core/Src/main.c:75:6:Toggle_Led1	40	static
../Core/Src/main.c:86:6:Toggle_Led2	40	static
../Core/Src/main.c:97:6:Toggle_Led3	40	static
../Core/Src/main.c:108:6:Toggle_Led4	40	static
../Core/Src/main.c:119:6:One_Shot_Led	40	static
../Core/Src/main.c:135:5:main	8	static
../Core/Src/main.c:187:6:SystemClock_Config	72	static
../Core/Src/main.c:223:13:MX_TIM2_Init	32	static
../Core/Src/main.c:268:13:MX_USART2_UART_Init	8	static
../Core/Src/main.c:301:13:MX_GPIO_Init	32	static
../Core/Src/main.c:325:6:HAL_TIM_PeriodElapsedCallback	16	static
../Core/Src/main.c:336:6:Error_Handler	4	static,ignoring_inline_asm
