../Core/Src/main.c:59:6:LED1	8	static
../Core/Src/main.c:63:6:LED2	8	static
../Core/Src/main.c:67:6:LED3	8	static
../Core/Src/main.c:71:6:LED4	8	static
../Core/Src/main.c:75:6:LED5	8	static
../Core/Src/main.c:85:5:main	8	static
../Core/Src/main.c:136:6:SystemClock_Config	72	static
../Core/Src/main.c:173:13:MX_TIM2_Init	32	static
../Core/Src/main.c:218:13:MX_GPIO_Init	32	static
../Core/Src/main.c:241:6:HAL_TIM_PeriodElapsedCallback	16	static
../Core/Src/main.c:251:6:Error_Handler	4	static,ignoring_inline_asm
