Archive member included to satisfy reference by file (symbol)

c:/st/stm32cubeide_1.10.1/stm32cubeide/plugins/com.st.stm32cube.ide.mcu.externaltools.gnu-tools-for-stm32.10.3-2021.10.win32_1.0.0.202111181127/tools/bin/../lib/gcc/arm-none-eabi/10.3.1/../../../../arm-none-eabi/lib/thumb/v7-m/nofp\libc_nano.a(lib_a-errno.o)
                              ./Core/Src/syscalls.o (__errno)
c:/st/stm32cubeide_1.10.1/stm32cubeide/plugins/com.st.stm32cube.ide.mcu.externaltools.gnu-tools-for-stm32.10.3-2021.10.win32_1.0.0.202111181127/tools/bin/../lib/gcc/arm-none-eabi/10.3.1/../../../../arm-none-eabi/lib/thumb/v7-m/nofp\libc_nano.a(lib_a-exit.o)
                              c:/st/stm32cubeide_1.10.1/stm32cubeide/plugins/com.st.stm32cube.ide.mcu.externaltools.gnu-tools-for-stm32.10.3-2021.10.win32_1.0.0.202111181127/tools/bin/../lib/gcc/arm-none-eabi/10.3.1/../../../../arm-none-eabi/lib/thumb/v7-m/nofp/crt0.o (exit)
c:/st/stm32cubeide_1.10.1/stm32cubeide/plugins/com.st.stm32cube.ide.mcu.externaltools.gnu-tools-for-stm32.10.3-2021.10.win32_1.0.0.202111181127/tools/bin/../lib/gcc/arm-none-eabi/10.3.1/../../../../arm-none-eabi/lib/thumb/v7-m/nofp\libc_nano.a(lib_a-impure.o)
                              c:/st/stm32cubeide_1.10.1/stm32cubeide/plugins/com.st.stm32cube.ide.mcu.externaltools.gnu-tools-for-stm32.10.3-2021.10.win32_1.0.0.202111181127/tools/bin/../lib/gcc/arm-none-eabi/10.3.1/../../../../arm-none-eabi/lib/thumb/v7-m/nofp\libc_nano.a(lib_a-exit.o) (_global_impure_ptr)
c:/st/stm32cubeide_1.10.1/stm32cubeide/plugins/com.st.stm32cube.ide.mcu.externaltools.gnu-tools-for-stm32.10.3-2021.10.win32_1.0.0.202111181127/tools/bin/../lib/gcc/arm-none-eabi/10.3.1/../../../../arm-none-eabi/lib/thumb/v7-m/nofp\libc_nano.a(lib_a-init.o)
                              c:/st/stm32cubeide_1.10.1/stm32cubeide/plugins/com.st.stm32cube.ide.mcu.externaltools.gnu-tools-for-stm32.10.3-2021.10.win32_1.0.0.202111181127/tools/bin/../lib/gcc/arm-none-eabi/10.3.1/../../../../arm-none-eabi/lib/thumb/v7-m/nofp/crt0.o (__libc_init_array)
c:/st/stm32cubeide_1.10.1/stm32cubeide/plugins/com.st.stm32cube.ide.mcu.externaltools.gnu-tools-for-stm32.10.3-2021.10.win32_1.0.0.202111181127/tools/bin/../lib/gcc/arm-none-eabi/10.3.1/../../../../arm-none-eabi/lib/thumb/v7-m/nofp\libc_nano.a(lib_a-memset.o)
                              c:/st/stm32cubeide_1.10.1/stm32cubeide/plugins/com.st.stm32cube.ide.mcu.externaltools.gnu-tools-for-stm32.10.3-2021.10.win32_1.0.0.202111181127/tools/bin/../lib/gcc/arm-none-eabi/10.3.1/../../../../arm-none-eabi/lib/thumb/v7-m/nofp/crt0.o (memset)

Discarded input sections

 .text          0x0000000000000000        0x0 c:/st/stm32cubeide_1.10.1/stm32cubeide/plugins/com.st.stm32cube.ide.mcu.externaltools.gnu-tools-for-stm32.10.3-2021.10.win32_1.0.0.202111181127/tools/bin/../lib/gcc/arm-none-eabi/10.3.1/thumb/v7-m/nofp/crti.o
 .data          0x0000000000000000        0x0 c:/st/stm32cubeide_1.10.1/stm32cubeide/plugins/com.st.stm32cube.ide.mcu.externaltools.gnu-tools-for-stm32.10.3-2021.10.win32_1.0.0.202111181127/tools/bin/../lib/gcc/arm-none-eabi/10.3.1/thumb/v7-m/nofp/crti.o
 .bss           0x0000000000000000        0x0 c:/st/stm32cubeide_1.10.1/stm32cubeide/plugins/com.st.stm32cube.ide.mcu.externaltools.gnu-tools-for-stm32.10.3-2021.10.win32_1.0.0.202111181127/tools/bin/../lib/gcc/arm-none-eabi/10.3.1/thumb/v7-m/nofp/crti.o
 .data          0x0000000000000000        0x4 c:/st/stm32cubeide_1.10.1/stm32cubeide/plugins/com.st.stm32cube.ide.mcu.externaltools.gnu-tools-for-stm32.10.3-2021.10.win32_1.0.0.202111181127/tools/bin/../lib/gcc/arm-none-eabi/10.3.1/thumb/v7-m/nofp/crtbegin.o
 .rodata        0x0000000000000000       0x24 c:/st/stm32cubeide_1.10.1/stm32cubeide/plugins/com.st.stm32cube.ide.mcu.externaltools.gnu-tools-for-stm32.10.3-2021.10.win32_1.0.0.202111181127/tools/bin/../lib/gcc/arm-none-eabi/10.3.1/thumb/v7-m/nofp/crtbegin.o
 .text          0x0000000000000000       0x7c c:/st/stm32cubeide_1.10.1/stm32cubeide/plugins/com.st.stm32cube.ide.mcu.externaltools.gnu-tools-for-stm32.10.3-2021.10.win32_1.0.0.202111181127/tools/bin/../lib/gcc/arm-none-eabi/10.3.1/../../../../arm-none-eabi/lib/thumb/v7-m/nofp/crt0.o
 .data          0x0000000000000000        0x0 c:/st/stm32cubeide_1.10.1/stm32cubeide/plugins/com.st.stm32cube.ide.mcu.externaltools.gnu-tools-for-stm32.10.3-2021.10.win32_1.0.0.202111181127/tools/bin/../lib/gcc/arm-none-eabi/10.3.1/../../../../arm-none-eabi/lib/thumb/v7-m/nofp/crt0.o
 .bss           0x0000000000000000        0x0 c:/st/stm32cubeide_1.10.1/stm32cubeide/plugins/com.st.stm32cube.ide.mcu.externaltools.gnu-tools-for-stm32.10.3-2021.10.win32_1.0.0.202111181127/tools/bin/../lib/gcc/arm-none-eabi/10.3.1/../../../../arm-none-eabi/lib/thumb/v7-m/nofp/crt0.o
[...]
Memory Configuration

Name             Origin             Length             Attributes
RAM              0x0000000020000000 0x0000000000002800 xrw
FLASH            0x0000000008000000 0x0000000000008000 xr
*default*        0x0000000000000000 0xffffffffffffffff

Linker script and memory map

LOAD c:/st/stm32cubeide_1.10.1/stm32cubeide/plugins/com.st.stm32cube.ide.mcu.externaltools.gnu-tools-for-stm32.10.3-2021.10.win32_1.0.0.202111181127/tools/bin/../lib/gcc/arm-none-eabi/10.3.1/thumb/v7-m/nofp/crti.o
LOAD c:/st/stm32cubeide_1.10.1/stm32cubeide/plugins/com.st.stm32cube.ide.mcu.externaltools.gnu-tools-for-stm32.10.3-2021.10.win32_1.0.0.202111181127/tools/bin/../lib/gcc/arm-none-eabi/10.3.1/thumb/v7-m/nofp/crtbegin.o
LOAD c:/st/stm32cubeide_1.10.1/stm32cubeide/plugins/com.st.stm32cube.ide.mcu.externaltools.gnu-tools-for-stm32.10.3-2021.10.win32_1.0.0.202111181127/tools/bin/../lib/gcc/arm-none-eabi/10.3.1/../../../../arm-none-eabi/lib/thumb/v7-m/nofp/crt0.o
LOAD ./Core/Src/fsm_automatic.o
LOAD ./Core/Src/fsm_display.o
LOAD ./Core/Src/fsm_manual.o
LOAD ./Core/Src/global.o
LOAD ./Core/Src/input_reading.o
LOAD ./Core/Src/main.o
LOAD ./Core/Src/output_display.o
LOAD ./Core/Src/stm32f1xx_hal_msp.o
LOAD ./Core/Src/stm32f1xx_it.o
LOAD ./Core/Src/syscalls.o
LOAD ./Core/Src/sysmem.o
LOAD ./Core/Src/system_stm32f1xx.o
LOAD ./Core/Src/timer_interrupt.o
LOAD ./Core/Startup/startup_stm32f103c6ux.o
LOAD ./Drivers/STM32F1xx_HAL_Driver/Src/stm32f1xx_hal.o
LOAD ./Drivers/STM32F1xx_HAL_Driver/Src/stm32f1xx_hal_cortex.o
LOAD ./Drivers/STM32F1xx_HAL_Driver/Src/stm32f1xx_hal_dma.o
LOAD ./Drivers/STM32F1xx_HAL_Driver/Src/stm32f1xx_hal_exti.o
LOAD ./Drivers/STM32F1xx_HAL_Driver/Src/stm32f1xx_hal_flash.o
LOAD ./Drivers/STM32F1xx_HAL_Driver/Src/stm32f1xx_hal_flash_ex.o
LOAD ./Drivers/STM32F1xx_HAL_Driver/Src/stm32f1xx_hal_gpio.o
LOAD ./Drivers/STM32F1xx_HAL_Driver/Src/stm32f1xx_hal_gpio_ex.o
LOAD ./Drivers/STM32F1xx_HAL_Driver/Src/stm32f1xx_hal_pwr.o
LOAD ./Drivers/STM32F1xx_HAL_Driver/Src/stm32f1xx_hal_rcc.o
LOAD ./Drivers/STM32F1xx_HAL_Driver/Src/stm32f1xx_hal_rcc_ex.o
LOAD ./Drivers/STM32F1xx_HAL_Driver/Src/stm32f1xx_hal_tim.o
LOAD ./Drivers/STM32F1xx_HAL_Driver/Src/stm32f1xx_hal_tim_ex.o
START GROUP
LOAD c:/st/stm32cubeide_1.10.1/stm32cubeide/plugins/com.st.stm32cube.ide.mcu.externaltools.gnu-tools-for-stm32.10.3-2021.10.win32_1.0.0.202111181127/tools/bin/../lib/gcc/arm-none-eabi/10.3.1/../../../../arm-none-eabi/lib/thumb/v7-m/nofp\libc_nano.a
LOAD c:/st/stm32cubeide_1.10.1/stm32cubeide/plugins/com.st.stm32cube.ide.mcu.externaltools.gnu-tools-for-stm32.10.3-2021.10.win32_1.0.0.202111181127/tools/bin/../lib/gcc/arm-none-eabi/10.3.1/../../../../arm-none-eabi/lib/thumb/v7-m/nofp\libm.a
END GROUP
START GROUP
LOAD c:/st/stm32cubeide_1.10.1/stm32cubeide/plugins/com.st.stm32cube.ide.mcu.externaltools.gnu-tools-for-stm32.10.3-2021.10.win32_1.0.0.202111181127/tools/bin/../lib/gcc/arm-none-eabi/10.3.1/thumb/v7-m/nofp\libgcc.a
LOAD c:/st/stm32cubeide_1.10.1/stm32cubeide/plugins/com.st.stm32cube.ide.mcu.externaltools.gnu-tools-for-stm32.10.3-2021.10.win32_1.0.0.202111181127/tools/bin/../lib/gcc/arm-none-eabi/10.3.1/../../../../arm-none-eabi/lib/thumb/v7-m/nofp\libc_nano.a
END GROUP
START GROUP
LOAD c:/st/stm32cubeide_1.10.1/stm32cubeide/plugins/com.st.stm32cube.ide.mcu.externaltools.gnu-tools-for-stm32.10.3-2021.10.win32_1.0.0.202111181127/tools/bin/../lib/gcc/arm-none-eabi/10.3.1/thumb/v7-m/nofp\libgcc.a
LOAD c:/st/stm32cubeide_1.10.1/stm32cubeide/plugins/com.st.stm32cube.ide.mcu.externaltools.gnu-tools-for-stm32.10.3-2021.10.win32_1.0.0.202111181127/tools/bin/../lib/gcc/arm-none-eabi/10.3.1/../../../../arm-none-eabi/lib/thumb/v7-m/nofp\libc_nano.a
LOAD c:/st/stm32cubeide_1.10.1/stm32cubeide/plugins/com.st.stm32cube.ide.mcu.externaltools.gnu-tools-for-stm32.10.3-2021.10.win32_1.0.0.202111181127/tools/bin/../lib/gcc/arm-none-eabi/10.3.1/../../../../arm-none-eabi/lib/thumb/v7-m/nofp\libnosys.a
END GROUP
START GROUP
LOAD c:/st/stm32cubeide_1.10.1/stm32cubeide/plugins/com.st.stm32cube.ide.mcu.externaltools.gnu-tools-for-stm32.10.3-2021.10.win32_1.0.0.202111181127/tools/bin/../lib/gcc/arm-none-eabi/10.3.1/thumb/v7-m/nofp\libgcc.a
LOAD c:/st/stm32cubeide_1.10.1/stm32cubeide/plugins/com.st.stm32cube.ide.mcu.externaltools.gnu-tools-for-stm32.10.3-2021.10.win32_1.0.0.202111181127/tools/bin/../lib/gcc/arm-none-eabi/10.3.1/../../../../arm-none-eabi/lib/thumb/v7-m/nofp\libc_nano.a
LOAD c:/st/stm32cubeide_1.10.1/stm32cubeide/plugins/com.st.stm32cube.ide.mcu.externaltools.gnu-tools-for-stm32.10.3-2021.10.win32_1.0.0.202111181127/tools/bin/../lib/gcc/arm-none-eabi/10.3.1/../../../../arm-none-eabi/lib/thumb/v7-m/nofp\libnosys.a
END GROUP
LOAD c:/st/stm32cubeide_1.10.1/stm32cubeide/plugins/com.st.stm32cube.ide.mcu.externaltools.gnu-tools-for-stm32.10.3-2021.10.win32_1.0.0.202111181127/tools/bin/../lib/gcc/arm-none-eabi/10.3.1/thumb/v7-m/nofp/crtend.o
LOAD c:/st/stm32cubeide_1.10.1/stm32cubeide/plugins/com.st.stm32cube.ide.mcu.externaltools.gnu-tools-for-stm32.10.3-2021.10.win32_1.0.0.202111181127/tools/bin/../lib/gcc/arm-none-eabi/10.3.1/thumb/v7-m/nofp/crtn.o
                0x0000000020002800                _estack = (ORIGIN (RAM) + LENGTH (RAM))
                0x0000000000000200                _Min_Heap_Size = 0x200
                0x0000000000000400                _Min_Stack_Size = 0x400

.isr_vector     0x0000000008000000      0x10c
                0x0000000008000000                . = ALIGN (0x4)
 *(.isr_vector)
 .isr_vector    0x0000000008000000      0x10c ./Core/Startup/startup_stm32f103c6ux.o
                0x0000000008000000                g_pfnVectors
                0x000000000800010c                . = ALIGN (0x4)

.text           0x000000000800010c     0x2560
                0x000000000800010c                . = ALIGN (0x4)
 *(.text)
 .text          0x000000000800010c       0x40 c:/st/stm32cubeide_1.10.1/stm32cubeide/plugins/com.st.stm32cube.ide.mcu.externaltools.gnu-tools-for-stm32.10.3-2021.10.win32_1.0.0.202111181127/tools/bin/../lib/gcc/arm-none-eabi/10.3.1/thumb/v7-m/nofp/crtbegin.o
 *(.text*)
 .text.fsm_auto_road1
                0x000000000800014c      0x154 ./Core/Src/fsm_automatic.o
                0x000000000800014c                fsm_auto_road1
 .text.fsm_auto_road2
                0x00000000080002a0      0x154 ./Core/Src/fsm_automatic.o
                0x00000000080002a0                fsm_auto_road2
 .text.setInit  0x00000000080003f4       0x20 ./Core/Src/fsm_automatic.o
                0x00000000080003f4                setInit
 .text.restartDisplay
                0x0000000008000414       0x18 ./Core/Src/fsm_display.o
                0x0000000008000414                restartDisplay
 .text.fsm_display
                0x000000000800042c      0x108 ./Core/Src/fsm_display.o
                0x000000000800042c                fsm_display
 .text.blinkLED
                0x0000000008000534       0x90 ./Core/Src/fsm_display.o
                0x0000000008000534                blinkLED
 .text.returnMODE1
                0x00000000080005c4       0x18 ./Core/Src/fsm_manual.o
                0x00000000080005c4                returnMODE1
 .text.inc_time
                0x00000000080005dc       0x28 ./Core/Src/fsm_manual.o
                0x00000000080005dc                inc_time
 .text.fsm_manual
                0x0000000008000604      0x200 ./Core/Src/fsm_manual.o
                0x0000000008000604                fsm_manual
 .text.checkIndex
                0x0000000008000804       0x28 ./Core/Src/global.o
                0x0000000008000804                checkIndex
 .text.getKeyInput
                0x000000000800082c      0x12c ./Core/Src/input_reading.o
                0x000000000800082c                getKeyInput
 .text.isButtonPressed
                0x0000000008000958       0x40 ./Core/Src/input_reading.o
                0x0000000008000958                isButtonPressed
 .text.main     0x0000000008000998       0x28 ./Core/Src/main.o
                0x0000000008000998                main
 .text.SystemClock_Config
                0x00000000080009c0       0x76 ./Core/Src/main.o
                0x00000000080009c0                SystemClock_Config
 *fill*         0x0000000008000a36        0x2 
 .text.MX_TIM2_Init
                0x0000000008000a38       0x98 ./Core/Src/main.o
 .text.MX_GPIO_Init
                0x0000000008000ad0       0xc4 ./Core/Src/main.o
 .text.HAL_TIM_PeriodElapsedCallback
                0x0000000008000b94       0x18 ./Core/Src/main.o
                0x0000000008000b94                HAL_TIM_PeriodElapsedCallback
 .text.Error_Handler
                0x0000000008000bac        0xa ./Core/Src/main.o
                0x0000000008000bac                Error_Handler
 *fill*         0x0000000008000bb6        0x2 
 .text.LED_on_road1
                0x0000000008000bb8       0x64 ./Core/Src/output_display.o
                0x0000000008000bb8                LED_on_road1
 .text.LED_on_road2
                0x0000000008000c1c       0x68 ./Core/Src/output_display.o
                0x0000000008000c1c                LED_on_road2
 .text.LED_off  0x0000000008000c84       0x3c ./Core/Src/output_display.o
                0x0000000008000c84                LED_off
 .text.EN_on    0x0000000008000cc0       0x5c ./Core/Src/output_display.o
                0x0000000008000cc0                EN_on
 .text.updateBuffer
                0x0000000008000d1c       0x80 ./Core/Src/output_display.o
                0x0000000008000d1c                updateBuffer
 .text.display7SEG
                0x0000000008000d9c       0x50 ./Core/Src/output_display.o
                0x0000000008000d9c                display7SEG
 .text.HAL_MspInit
                0x0000000008000dec       0x44 ./Core/Src/stm32f1xx_hal_msp.o
                0x0000000008000dec                HAL_MspInit
 .text.HAL_TIM_Base_MspInit
                0x0000000008000e30       0x48 ./Core/Src/stm32f1xx_hal_msp.o
                0x0000000008000e30                HAL_TIM_Base_MspInit
 .text.NMI_Handler
                0x0000000008000e78        0x6 ./Core/Src/stm32f1xx_it.o
                0x0000000008000e78                NMI_Handler
 .text.HardFault_Handler
                0x0000000008000e7e        0x6 ./Core/Src/stm32f1xx_it.o
                0x0000000008000e7e                HardFault_Handler
 .text.MemManage_Handler
                0x0000000008000e84        0x6 ./Core/Src/stm32f1xx_it.o
                0x0000000008000e84                MemManage_Handler
 .text.BusFault_Handler
                0x0000000008000e8a        0x6 ./Core/Src/stm32f1xx_it.o
                0x0000000008000e8a                BusFault_Handler
 .text.UsageFault_Handler
                0x0000000008000e90        0x6 ./Core/Src/stm32f1xx_it.o
                0x0000000008000e90                UsageFault_Handler
 .text.SVC_Handler
                0x0000000008000e96        0xc ./Core/Src/stm32f1xx_it.o
                0x0000000008000e96                SVC_Handler
 .text.DebugMon_Handler
                0x0000000008000ea2        0xc ./Core/Src/stm32f1xx_it.o
                0x0000000008000ea2                DebugMon_Handler
 .text.PendSV_Handler
                0x0000000008000eae        0xc ./Core/Src/stm32f1xx_it.o
                0x0000000008000eae                PendSV_Handler
 .text.SysTick_Handler
                0x0000000008000eba        0xc ./Core/Src/stm32f1xx_it.o
                0x0000000008000eba                SysTick_Handler
 *fill*         0x0000000008000ec6        0x2 
 .text.TIM2_IRQHandler
                0x0000000008000ec8       0x14 ./Core/Src/stm32f1xx_it.o
                0x0000000008000ec8                TIM2_IRQHandler
 .text.SystemInit
                0x0000000008000edc        0xc ./Core/Src/system_stm32f1xx.o
                0x0000000008000edc                SystemInit
 .text.setTimer
                0x0000000008000ee8       0x4c ./Core/Src/timer_interrupt.o
                0x0000000008000ee8                setTimer
 .text.isTimerOut
                0x0000000008000f34       0x40 ./Core/Src/timer_interrupt.o
                0x0000000008000f34                isTimerOut
 .text.timerRun
                0x0000000008000f74       0x6c ./Core/Src/timer_interrupt.o
                0x0000000008000f74                timerRun
 .text.Reset_Handler
                0x0000000008000fe0       0x48 ./Core/Startup/startup_stm32f103c6ux.o
                0x0000000008000fe0                Reset_Handler
 .text.Default_Handler
                0x0000000008001028        0x2 ./Core/Startup/startup_stm32f103c6ux.o
                0x0000000008001028                RTC_Alarm_IRQHandler
                0x0000000008001028                EXTI2_IRQHandler
                0x0000000008001028                TIM1_CC_IRQHandler
                0x0000000008001028                PVD_IRQHandler
                0x0000000008001028                EXTI3_IRQHandler
                0x0000000008001028                EXTI0_IRQHandler
                0x0000000008001028                ADC1_2_IRQHandler
                0x0000000008001028                SPI1_IRQHandler
                0x0000000008001028                TAMPER_IRQHandler
                0x0000000008001028                DMA1_Channel4_IRQHandler
                0x0000000008001028                RTC_IRQHandler
                0x0000000008001028                DMA1_Channel7_IRQHandler
                0x0000000008001028                CAN1_RX1_IRQHandler
                0x0000000008001028                I2C1_EV_IRQHandler
                0x0000000008001028                DMA1_Channel6_IRQHandler
                0x0000000008001028                TIM3_IRQHandler
                0x0000000008001028                RCC_IRQHandler
                0x0000000008001028                TIM1_TRG_COM_IRQHandler
                0x0000000008001028                DMA1_Channel1_IRQHandler
                0x0000000008001028                Default_Handler
                0x0000000008001028                EXTI15_10_IRQHandler
                0x0000000008001028                EXTI9_5_IRQHandler
                0x0000000008001028                DMA1_Channel5_IRQHandler
                0x0000000008001028                EXTI4_IRQHandler
                0x0000000008001028                USB_LP_CAN1_RX0_IRQHandler
                0x0000000008001028                USB_HP_CAN1_TX_IRQHandler
                0x0000000008001028                DMA1_Channel3_IRQHandler
                0x0000000008001028                TIM1_UP_IRQHandler
                0x0000000008001028                WWDG_IRQHandler
                0x0000000008001028                TIM1_BRK_IRQHandler
                0x0000000008001028                EXTI1_IRQHandler
                0x0000000008001028                USART2_IRQHandler
                0x0000000008001028                DMA1_Channel2_IRQHandler
                0x0000000008001028                CAN1_SCE_IRQHandler
                0x0000000008001028                FLASH_IRQHandler
                0x0000000008001028                USART1_IRQHandler
                0x0000000008001028                I2C1_ER_IRQHandler
                0x0000000008001028                USBWakeUp_IRQHandler
 *fill*         0x000000000800102a        0x2 
 .text.HAL_Init
                0x000000000800102c       0x2c ./Drivers/STM32F1xx_HAL_Driver/Src/stm32f1xx_hal.o
                0x000000000800102c                HAL_Init
 .text.HAL_InitTick
                0x0000000008001058       0x60 ./Drivers/STM32F1xx_HAL_Driver/Src/stm32f1xx_hal.o
                0x0000000008001058                HAL_InitTick
 .text.HAL_IncTick
                0x00000000080010b8       0x24 ./Drivers/STM32F1xx_HAL_Driver/Src/stm32f1xx_hal.o
                0x00000000080010b8                HAL_IncTick
 .text.HAL_GetTick
                0x00000000080010dc       0x14 ./Drivers/STM32F1xx_HAL_Driver/Src/stm32f1xx_hal.o
                0x00000000080010dc                HAL_GetTick
 .text.__NVIC_SetPriorityGrouping
                0x00000000080010f0       0x48 ./Drivers/STM32F1xx_HAL_Driver/Src/stm32f1xx_hal_cortex.o
 .text.__NVIC_GetPriorityGrouping
                0x0000000008001138       0x1c ./Drivers/STM32F1xx_HAL_Driver/Src/stm32f1xx_hal_cortex.o
 .text.__NVIC_EnableIRQ
                0x0000000008001154       0x38 ./Drivers/STM32F1xx_HAL_Driver/Src/stm32f1xx_hal_cortex.o
 .text.__NVIC_SetPriority
                0x000000000800118c       0x54 ./Drivers/STM32F1xx_HAL_Driver/Src/stm32f1xx_hal_cortex.o
 .text.NVIC_EncodePriority
                0x00000000080011e0       0x64 ./Drivers/STM32F1xx_HAL_Driver/Src/stm32f1xx_hal_cortex.o
 .text.SysTick_Config
                0x0000000008001244       0x44 ./Drivers/STM32F1xx_HAL_Driver/Src/stm32f1xx_hal_cortex.o
 .text.HAL_NVIC_SetPriorityGrouping
                0x0000000008001288       0x16 ./Drivers/STM32F1xx_HAL_Driver/Src/stm32f1xx_hal_cortex.o
                0x0000000008001288                HAL_NVIC_SetPriorityGrouping
 .text.HAL_NVIC_SetPriority
                0x000000000800129e       0x38 ./Drivers/STM32F1xx_HAL_Driver/Src/stm32f1xx_hal_cortex.o
                0x000000000800129e                HAL_NVIC_SetPriority
 .text.HAL_NVIC_EnableIRQ
                0x00000000080012d6       0x1c ./Drivers/STM32F1xx_HAL_Driver/Src/stm32f1xx_hal_cortex.o
                0x00000000080012d6                HAL_NVIC_EnableIRQ
 .text.HAL_SYSTICK_Config
                0x00000000080012f2       0x18 ./Drivers/STM32F1xx_HAL_Driver/Src/stm32f1xx_hal_cortex.o
                0x00000000080012f2                HAL_SYSTICK_Config
 *fill*         0x000000000800130a        0x2 
 .text.HAL_GPIO_Init
                0x000000000800130c      0x2f8 ./Drivers/STM32F1xx_HAL_Driver/Src/stm32f1xx_hal_gpio.o
                0x000000000800130c                HAL_GPIO_Init
 .text.HAL_GPIO_ReadPin
                0x0000000008001604       0x2e ./Drivers/STM32F1xx_HAL_Driver/Src/stm32f1xx_hal_gpio.o
                0x0000000008001604                HAL_GPIO_ReadPin
 .text.HAL_GPIO_WritePin
                0x0000000008001632       0x30 ./Drivers/STM32F1xx_HAL_Driver/Src/stm32f1xx_hal_gpio.o
                0x0000000008001632                HAL_GPIO_WritePin
 *fill*         0x0000000008001662        0x2 
 .text.HAL_RCC_OscConfig
                0x0000000008001664      0x504 ./Drivers/STM32F1xx_HAL_Driver/Src/stm32f1xx_hal_rcc.o
                0x0000000008001664                HAL_RCC_OscConfig
 .text.HAL_RCC_ClockConfig
                0x0000000008001b68      0x1d4 ./Drivers/STM32F1xx_HAL_Driver/Src/stm32f1xx_hal_rcc.o
                0x0000000008001b68                HAL_RCC_ClockConfig
 .text.HAL_RCC_GetSysClockFreq
                0x0000000008001d3c       0xbc ./Drivers/STM32F1xx_HAL_Driver/Src/stm32f1xx_hal_rcc.o
                0x0000000008001d3c                HAL_RCC_GetSysClockFreq
 .text.RCC_Delay
                0x0000000008001df8       0x3c ./Drivers/STM32F1xx_HAL_Driver/Src/stm32f1xx_hal_rcc.o
 .text.HAL_TIM_Base_Init
                0x0000000008001e34       0x9e ./Drivers/STM32F1xx_HAL_Driver/Src/stm32f1xx_hal_tim.o
                0x0000000008001e34                HAL_TIM_Base_Init
 *fill*         0x0000000008001ed2        0x2 
 .text.HAL_TIM_Base_Start_IT
                0x0000000008001ed4       0x98 ./Drivers/STM32F1xx_HAL_Driver/Src/stm32f1xx_hal_tim.o
                0x0000000008001ed4                HAL_TIM_Base_Start_IT
 .text.HAL_TIM_IRQHandler
                0x0000000008001f6c      0x210 ./Drivers/STM32F1xx_HAL_Driver/Src/stm32f1xx_hal_tim.o
                0x0000000008001f6c                HAL_TIM_IRQHandler
 .text.HAL_TIM_ConfigClockSource
                0x000000000800217c      0x188 ./Drivers/STM32F1xx_HAL_Driver/Src/stm32f1xx_hal_tim.o
                0x000000000800217c                HAL_TIM_ConfigClockSource
 .text.HAL_TIM_OC_DelayElapsedCallback
                0x0000000008002304       0x12 ./Drivers/STM32F1xx_HAL_Driver/Src/stm32f1xx_hal_tim.o
                0x0000000008002304                HAL_TIM_OC_DelayElapsedCallback
 .text.HAL_TIM_IC_CaptureCallback
                0x0000000008002316       0x12 ./Drivers/STM32F1xx_HAL_Driver/Src/stm32f1xx_hal_tim.o
                0x0000000008002316                HAL_TIM_IC_CaptureCallback
 .text.HAL_TIM_PWM_PulseFinishedCallback
                0x0000000008002328       0x12 ./Drivers/STM32F1xx_HAL_Driver/Src/stm32f1xx_hal_tim.o
                0x0000000008002328                HAL_TIM_PWM_PulseFinishedCallback
 .text.HAL_TIM_TriggerCallback
                0x000000000800233a       0x12 ./Drivers/STM32F1xx_HAL_Driver/Src/stm32f1xx_hal_tim.o
                0x000000000800233a                HAL_TIM_TriggerCallback
 .text.TIM_Base_SetConfig
                0x000000000800234c       0xb0 ./Drivers/STM32F1xx_HAL_Driver/Src/stm32f1xx_hal_tim.o
                0x000000000800234c                TIM_Base_SetConfig
 .text.TIM_TI1_ConfigInputStage
                0x00000000080023fc       0x5c ./Drivers/STM32F1xx_HAL_Driver/Src/stm32f1xx_hal_tim.o
 .text.TIM_TI2_ConfigInputStage
                0x0000000008002458       0x5e ./Drivers/STM32F1xx_HAL_Driver/Src/stm32f1xx_hal_tim.o
 .text.TIM_ITRx_SetConfig
                0x00000000080024b6       0x34 ./Drivers/STM32F1xx_HAL_Driver/Src/stm32f1xx_hal_tim.o
 .text.TIM_ETR_SetConfig
                0x00000000080024ea       0x3e ./Drivers/STM32F1xx_HAL_Driver/Src/stm32f1xx_hal_tim.o
                0x00000000080024ea                TIM_ETR_SetConfig
 .text.HAL_TIMEx_MasterConfigSynchronization
                0x0000000008002528       0xb0 ./Drivers/STM32F1xx_HAL_Driver/Src/stm32f1xx_hal_tim_ex.o
                0x0000000008002528                HAL_TIMEx_MasterConfigSynchronization
 .text.HAL_TIMEx_CommutCallback
                0x00000000080025d8       0x12 ./Drivers/STM32F1xx_HAL_Driver/Src/stm32f1xx_hal_tim_ex.o
                0x00000000080025d8                HAL_TIMEx_CommutCallback
 .text.HAL_TIMEx_BreakCallback
                0x00000000080025ea       0x12 ./Drivers/STM32F1xx_HAL_Driver/Src/stm32f1xx_hal_tim_ex.o
                0x00000000080025ea                HAL_TIMEx_BreakCallback
 .text.__libc_init_array
                0x00000000080025fc       0x48 c:/st/stm32cubeide_1.10.1/stm32cubeide/plugins/com.st.stm32cube.ide.mcu.externaltools.gnu-tools-for-stm32.10.3-2021.10.win32_1.0.0.202111181127/tools/bin/../lib/gcc/arm-none-eabi/10.3.1/../../../../arm-none-eabi/lib/thumb/v7-m/nofp\libc_nano.a(lib_a-init.o)
                0x00000000080025fc                __libc_init_array
 .text.memset   0x0000000008002644       0x10 c:/st/stm32cubeide_1.10.1/stm32cubeide/plugins/com.st.stm32cube.ide.mcu.externaltools.gnu-tools-for-stm32.10.3-2021.10.win32_1.0.0.202111181127/tools/bin/../lib/gcc/arm-none-eabi/10.3.1/../../../../arm-none-eabi/lib/thumb/v7-m/nofp\libc_nano.a(lib_a-memset.o)
                0x0000000008002644                memset
 *(.glue_7)
 .glue_7        0x0000000008002654        0x0 linker stubs
 *(.glue_7t)
 .glue_7t       0x0000000008002654        0x0 linker stubs
 *(.eh_frame)
 .eh_frame      0x0000000008002654        0x0 c:/st/stm32cubeide_1.10.1/stm32cubeide/plugins/com.st.stm32cube.ide.mcu.externaltools.gnu-tools-for-stm32.10.3-2021.10.win32_1.0.0.202111181127/tools/bin/../lib/gcc/arm-none-eabi/10.3.1/thumb/v7-m/nofp/crtbegin.o
 *(.init)
 .init          0x0000000008002654        0x4 c:/st/stm32cubeide_1.10.1/stm32cubeide/plugins/com.st.stm32cube.ide.mcu.externaltools.gnu-tools-for-stm32.10.3-2021.10.win32_1.0.0.202111181127/tools/bin/../lib/gcc/arm-none-eabi/10.3.1/thumb/v7-m/nofp/crti.o
                0x0000000008002654                _init
 .init          0x0000000008002658        0x8 c:/st/stm32cubeide_1.10.1/stm32cubeide/plugins/com.st.stm32cube.ide.mcu.externaltools.gnu-tools-for-stm32.10.3-2021.10.win32_1.0.0.202111181127/tools/bin/../lib/gcc/arm-none-eabi/10.3.1/thumb/v7-m/nofp/crtn.o
 *(.fini)
 .fini          0x0000000008002660        0x4 c:/st/stm32cubeide_1.10.1/stm32cubeide/plugins/com.st.stm32cube.ide.mcu.externaltools.gnu-tools-for-stm32.10.3-2021.10.win32_1.0.0.202111181127/tools/bin/../lib/gcc/arm-none-eabi/10.3.1/thumb/v7-m/nofp/crti.o
                0x0000000008002660                _fini
 .fini          0x0000000008002664        0x8 c:/st/stm32cubeide_1.10.1/stm32cubeide/plugins/com.st.stm32cube.ide.mcu.externaltools.gnu-tools-for-stm32.10.3-2021.10.win32_1.0.0.202111181127/tools/bin/../lib/gcc/arm-none-eabi/10.3.1/thumb/v7-m/nofp/crtn.o
                0x000000000800266c                . = ALIGN (0x4)
                0x000000000800266c                _etext = .

.vfp11_veneer   0x000000000800266c        0x0
 .vfp11_veneer  0x000000000800266c        0x0 linker stubs

.v4_bx          0x000000000800266c        0x0
 .v4_bx         0x000000000800266c        0x0 linker stubs

.iplt           0x000000000800266c        0x0
 .iplt          0x000000000800266c        0x0 c:/st/stm32cubeide_1.10.1/stm32cubeide/plugins/com.st.stm32cube.ide.mcu.externaltools.gnu-tools-for-stm32.10.3-2021.10.win32_1.0.0.202111181127/tools/bin/../lib/gcc/arm-none-eabi/10.3.1/thumb/v7-m/nofp/crtbegin.o

.rodata         0x000000000800266c       0x20
                0x000000000800266c                . = ALIGN (0x4)
 *(.rodata)
 .rodata        0x000000000800266c       0x10 ./Drivers/STM32F1xx_HAL_Driver/Src/stm32f1xx_hal_rcc.o
 *(.rodata*)
 .rodata.AHBPrescTable
                0x000000000800267c       0x10 ./Core/Src/system_stm32f1xx.o
                0x000000000800267c                AHBPrescTable
                0x000000000800268c                . = ALIGN (0x4)

.rel.dyn        0x000000000800268c        0x0
 .rel.iplt      0x000000000800268c        0x0 c:/st/stm32cubeide_1.10.1/stm32cubeide/plugins/com.st.stm32cube.ide.mcu.externaltools.gnu-tools-for-stm32.10.3-2021.10.win32_1.0.0.202111181127/tools/bin/../lib/gcc/arm-none-eabi/10.3.1/thumb/v7-m/nofp/crtbegin.o

.ARM.extab      0x000000000800268c        0x0
                0x000000000800268c                . = ALIGN (0x4)
 *(.ARM.extab* .gnu.linkonce.armextab.*)
                0x000000000800268c                . = ALIGN (0x4)

.ARM            0x000000000800268c        0x0
                0x000000000800268c                . = ALIGN (0x4)
                0x000000000800268c                __exidx_start = .
 *(.ARM.exidx*)
                0x000000000800268c                __exidx_end = .
                0x000000000800268c                . = ALIGN (0x4)

.preinit_array  0x000000000800268c        0x0
                0x000000000800268c                . = ALIGN (0x4)
                0x000000000800268c                PROVIDE (__preinit_array_start = .)
 *(.preinit_array*)
                0x000000000800268c                PROVIDE (__preinit_array_end = .)
                0x000000000800268c                . = ALIGN (0x4)

.init_array     0x000000000800268c        0x4
                0x000000000800268c                . = ALIGN (0x4)
                0x000000000800268c                PROVIDE (__init_array_start = .)
 *(SORT_BY_NAME(.init_array.*))
 *(.init_array*)
 .init_array    0x000000000800268c        0x4 c:/st/stm32cubeide_1.10.1/stm32cubeide/plugins/com.st.stm32cube.ide.mcu.externaltools.gnu-tools-for-stm32.10.3-2021.10.win32_1.0.0.202111181127/tools/bin/../lib/gcc/arm-none-eabi/10.3.1/thumb/v7-m/nofp/crtbegin.o
                0x0000000008002690                PROVIDE (__init_array_end = .)
                0x0000000008002690                . = ALIGN (0x4)

.fini_array     0x0000000008002690        0x4
                0x0000000008002690                . = ALIGN (0x4)
                [!provide]                        PROVIDE (__fini_array_start = .)
 *(SORT_BY_NAME(.fini_array.*))
 *(.fini_array*)
 .fini_array    0x0000000008002690        0x4 c:/st/stm32cubeide_1.10.1/stm32cubeide/plugins/com.st.stm32cube.ide.mcu.externaltools.gnu-tools-for-stm32.10.3-2021.10.win32_1.0.0.202111181127/tools/bin/../lib/gcc/arm-none-eabi/10.3.1/thumb/v7-m/nofp/crtbegin.o
                [!provide]                        PROVIDE (__fini_array_end = .)
                0x0000000008002694                . = ALIGN (0x4)
                0x0000000008002694                _sidata = LOADADDR (.data)

.data           0x0000000020000000       0x9c load address 0x0000000008002694
                0x0000000020000000                . = ALIGN (0x4)
                0x0000000020000000                _sdata = .
 *(.data)
 *(.data*)
 .data.status_manual
                0x0000000020000000        0x4 ./Core/Src/fsm_manual.o
                0x0000000020000000                status_manual
 .data.time_red
                0x0000000020000004        0x4 ./Core/Src/global.o
                0x0000000020000004                time_red
 .data.time_yellow
                0x0000000020000008        0x4 ./Core/Src/global.o
                0x0000000020000008                time_yellow
 .data.time_green
                0x000000002000000c        0x4 ./Core/Src/global.o
                0x000000002000000c                time_green
 .data.BUTTON   0x0000000020000010        0x6 ./Core/Src/input_reading.o
                0x0000000020000010                BUTTON
 *fill*         0x0000000020000016        0x2 
 .data.KeyReg0  0x0000000020000018        0xc ./Core/Src/input_reading.o
                0x0000000020000018                KeyReg0
 .data.KeyReg1  0x0000000020000024        0xc ./Core/Src/input_reading.o
                0x0000000020000024                KeyReg1
 .data.KeyReg2  0x0000000020000030        0xc ./Core/Src/input_reading.o
                0x0000000020000030                KeyReg2
 .data.KeyReg3  0x000000002000003c        0xc ./Core/Src/input_reading.o
                0x000000002000003c                KeyReg3
 .data.TimeOutForKeyPress
                0x0000000020000048        0xc ./Core/Src/input_reading.o
                0x0000000020000048                TimeOutForKeyPress
 .data.LED      0x0000000020000054        0xc ./Core/Src/output_display.o
                0x0000000020000054                LED
 .data.EN       0x0000000020000060        0x8 ./Core/Src/output_display.o
                0x0000000020000060                EN
 .data.SEG7     0x0000000020000068       0x14 ./Core/Src/output_display.o
                0x0000000020000068                SEG7
 .data.offSEG7  0x000000002000007c       0x14 ./Core/Src/output_display.o
                0x000000002000007c                offSEG7
 .data.SystemCoreClock
                0x0000000020000090        0x4 ./Core/Src/system_stm32f1xx.o
                0x0000000020000090                SystemCoreClock
 .data.uwTickPrio
                0x0000000020000094        0x4 ./Drivers/STM32F1xx_HAL_Driver/Src/stm32f1xx_hal.o
                0x0000000020000094                uwTickPrio
 .data.uwTickFreq
                0x0000000020000098        0x1 ./Drivers/STM32F1xx_HAL_Driver/Src/stm32f1xx_hal.o
                0x0000000020000098                uwTickFreq
 *(.RamFunc)
 *(.RamFunc*)
                0x000000002000009c                . = ALIGN (0x4)
 *fill*         0x0000000020000099        0x3 
                0x000000002000009c                _edata = .

.igot.plt       0x000000002000009c        0x0 load address 0x0000000008002730
 .igot.plt      0x000000002000009c        0x0 c:/st/stm32cubeide_1.10.1/stm32cubeide/plugins/com.st.stm32cube.ide.mcu.externaltools.gnu-tools-for-stm32.10.3-2021.10.win32_1.0.0.202111181127/tools/bin/../lib/gcc/arm-none-eabi/10.3.1/thumb/v7-m/nofp/crtbegin.o
                0x000000002000009c                . = ALIGN (0x4)

.bss            0x000000002000009c       0xd4 load address 0x0000000008002730
                0x000000002000009c                _sbss = .
                0x000000002000009c                __bss_start__ = _sbss
 *(.bss)
 .bss           0x000000002000009c       0x1c c:/st/stm32cubeide_1.10.1/stm32cubeide/plugins/com.st.stm32cube.ide.mcu.externaltools.gnu-tools-for-stm32.10.3-2021.10.win32_1.0.0.202111181127/tools/bin/../lib/gcc/arm-none-eabi/10.3.1/thumb/v7-m/nofp/crtbegin.o
 *(.bss*)
 .bss.status_auto_road1
                0x00000000200000b8        0x4 ./Core/Src/fsm_automatic.o
                0x00000000200000b8                status_auto_road1
 .bss.status_auto_road2
                0x00000000200000bc        0x4 ./Core/Src/fsm_automatic.o
                0x00000000200000bc                status_auto_road2
 .bss.status_display
                0x00000000200000c0        0x4 ./Core/Src/fsm_display.o
                0x00000000200000c0                status_display
 .bss.status_blink
                0x00000000200000c4        0x4 ./Core/Src/fsm_display.o
                0x00000000200000c4                status_blink
 .bss.time_road1
                0x00000000200000c8        0x4 ./Core/Src/global.o
                0x00000000200000c8                time_road1
 .bss.time_road2
                0x00000000200000cc        0x4 ./Core/Src/global.o
                0x00000000200000cc                time_road2
 .bss.button_flag
                0x00000000200000d0        0xc ./Core/Src/input_reading.o
                0x00000000200000d0                button_flag
 .bss.htim2     0x00000000200000dc       0x48 ./Core/Src/main.o
                0x00000000200000dc                htim2
 .bss.SEG_buffer
                0x0000000020000124       0x10 ./Core/Src/output_display.o
                0x0000000020000124                SEG_buffer
 .bss.counter   0x0000000020000134       0x1c ./Core/Src/timer_interrupt.o
                0x0000000020000134                counter
 .bss.flag      0x0000000020000150       0x1c ./Core/Src/timer_interrupt.o
                0x0000000020000150                flag
 .bss.uwTick    0x000000002000016c        0x4 ./Drivers/STM32F1xx_HAL_Driver/Src/stm32f1xx_hal.o
                0x000000002000016c                uwTick
 *(COMMON)
                0x0000000020000170                . = ALIGN (0x4)
                0x0000000020000170                _ebss = .
                0x0000000020000170                __bss_end__ = _ebss

._user_heap_stack
                0x0000000020000170      0x600 load address 0x0000000008002730
                0x0000000020000170                . = ALIGN (0x8)
                [!provide]                        PROVIDE (end = .)
                0x0000000020000170                PROVIDE (_end = .)
                0x0000000020000370                . = (. + _Min_Heap_Size)
 *fill*         0x0000000020000170      0x200 
                0x0000000020000770                . = (. + _Min_Stack_Size)
 *fill*         0x0000000020000370      0x400 
                0x0000000020000770                . = ALIGN (0x8)

/DISCARD/
 libc.a(*)
 libm.a(*)
 libgcc.a(*)

.ARM.attributes
                0x0000000000000000       0x29
 *(.ARM.attributes)
 .ARM.attributes
                0x0000000000000000       0x1d c:/st/stm32cubeide_1.10.1/stm32cubeide/plugins/com.st.stm32cube.ide.mcu.externaltools.gnu-tools-for-stm32.10.3-2021.10.win32_1.0.0.202111181127/tools/bin/../lib/gcc/arm-none-eabi/10.3.1/thumb/v7-m/nofp/crti.o
 .ARM.attributes
                0x000000000000001d       0x2d c:/st/stm32cubeide_1.10.1/stm32cubeide/plugins/com.st.stm32cube.ide.mcu.externaltools.gnu-tools-for-stm32.10.3-2021.10.win32_1.0.0.202111181127/tools/bin/../lib/gcc/arm-none-eabi/10.3.1/thumb/v7-m/nofp/crtbegin.o
 .ARM.attributes
                0x000000000000004a       0x2d ./Core/Src/fsm_automatic.o
 .ARM.attributes
                0x0000000000000077       0x2d ./Core/Src/fsm_display.o
 .ARM.attributes
                0x00000000000000a4       0x2d ./Core/Src/fsm_manual.o
 .ARM.attributes
                0x00000000000000d1       0x2d ./Core/Src/global.o
 .ARM.attributes
                0x00000000000000fe       0x2d ./Core/Src/input_reading.o
 .ARM.attributes
                0x000000000000012b       0x2d ./Core/Src/main.o
 .ARM.attributes
                0x0000000000000158       0x2d ./Core/Src/output_display.o
 .ARM.attributes
                0x0000000000000185       0x2d ./Core/Src/stm32f1xx_hal_msp.o
 .ARM.attributes
                0x00000000000001b2       0x2d ./Core/Src/stm32f1xx_it.o
 .ARM.attributes
                0x00000000000001df       0x2d ./Core/Src/system_stm32f1xx.o
 .ARM.attributes
                0x000000000000020c       0x2d ./Core/Src/timer_interrupt.o
 .ARM.attributes
                0x0000000000000239       0x21 ./Core/Startup/startup_stm32f103c6ux.o
 .ARM.attributes
                0x000000000000025a       0x2d ./Drivers/STM32F1xx_HAL_Driver/Src/stm32f1xx_hal.o
 .ARM.attributes
                0x0000000000000287       0x2d ./Drivers/STM32F1xx_HAL_Driver/Src/stm32f1xx_hal_cortex.o
 .ARM.attributes
                0x00000000000002b4       0x2d ./Drivers/STM32F1xx_HAL_Driver/Src/stm32f1xx_hal_gpio.o
 .ARM.attributes
                0x00000000000002e1       0x2d ./Drivers/STM32F1xx_HAL_Driver/Src/stm32f1xx_hal_rcc.o
 .ARM.attributes
                0x000000000000030e       0x2d ./Drivers/STM32F1xx_HAL_Driver/Src/stm32f1xx_hal_tim.o
 .ARM.attributes
                0x000000000000033b       0x2d ./Drivers/STM32F1xx_HAL_Driver/Src/stm32f1xx_hal_tim_ex.o
 .ARM.attributes
                0x0000000000000368       0x2d c:/st/stm32cubeide_1.10.1/stm32cubeide/plugins/com.st.stm32cube.ide.mcu.externaltools.gnu-tools-for-stm32.10.3-2021.10.win32_1.0.0.202111181127/tools/bin/../lib/gcc/arm-none-eabi/10.3.1/../../../../arm-none-eabi/lib/thumb/v7-m/nofp\libc_nano.a(lib_a-init.o)
 .ARM.attributes
                0x0000000000000395       0x2d c:/st/stm32cubeide_1.10.1/stm32cubeide/plugins/com.st.stm32cube.ide.mcu.externaltools.gnu-tools-for-stm32.10.3-2021.10.win32_1.0.0.202111181127/tools/bin/../lib/gcc/arm-none-eabi/10.3.1/../../../../arm-none-eabi/lib/thumb/v7-m/nofp\libc_nano.a(lib_a-memset.o)
 .ARM.attributes
                0x00000000000003c2       0x1d c:/st/stm32cubeide_1.10.1/stm32cubeide/plugins/com.st.stm32cube.ide.mcu.externaltools.gnu-tools-for-stm32.10.3-2021.10.win32_1.0.0.202111181127/tools/bin/../lib/gcc/arm-none-eabi/10.3.1/thumb/v7-m/nofp/crtn.o
OUTPUT(Lab 3.elf elf32-littlearm)
LOAD linker stubs
LOAD c:/st/stm32cubeide_1.10.1/stm32cubeide/plugins/com.st.stm32cube.ide.mcu.externaltools.gnu-tools-for-stm32.10.3-2021.10.win32_1.0.0.202111181127/tools/bin/../lib/gcc/arm-none-eabi/10.3.1/../../../../arm-none-eabi/lib/thumb/v7-m/nofp\libc.a
LOAD c:/st/stm32cubeide_1.10.1/stm32cubeide/plugins/com.st.stm32cube.ide.mcu.externaltools.gnu-tools-for-stm32.10.3-2021.10.win32_1.0.0.202111181127/tools/bin/../lib/gcc/arm-none-eabi/10.3.1/../../../../arm-none-eabi/lib/thumb/v7-m/nofp\libm.a
LOAD c:/st/stm32cubeide_1.10.1/stm32cubeide/plugins/com.st.stm32cube.ide.mcu.externaltools.gnu-tools-for-stm32.10.3-2021.10.win32_1.0.0.202111181127/tools/bin/../lib/gcc/arm-none-eabi/10.3.1/thumb/v7-m/nofp\libgcc.a

.debug_info     0x0000000000000000     0x899f
 .debug_info    0x0000000000000000      0x15e ./Core/Src/fsm_automatic.o
 .debug_info    0x000000000000015e      0x186 ./Core/Src/fsm_display.o
 .debug_info    0x00000000000002e4      0x170 ./Core/Src/fsm_manual.o
 .debug_info    0x0000000000000454       0xe8 ./Core/Src/global.o
 .debug_info    0x000000000000053c      0x27b ./Core/Src/input_reading.o
 .debug_info    0x00000000000007b7      0xbde ./Core/Src/main.o
 .debug_info    0x0000000000001395      0x377 ./Core/Src/output_display.o
 .debug_info    0x000000000000170c      0x8d7 ./Core/Src/stm32f1xx_hal_msp.o
 .debug_info    0x0000000000001fe3      0x6ea ./Core/Src/stm32f1xx_it.o
 .debug_info    0x00000000000026cd      0x23d ./Core/Src/system_stm32f1xx.o
 .debug_info    0x000000000000290a       0xf5 ./Core/Src/timer_interrupt.o
 .debug_info    0x00000000000029ff       0x22 ./Core/Startup/startup_stm32f103c6ux.o
 .debug_info    0x0000000000002a21      0x716 ./Drivers/STM32F1xx_HAL_Driver/Src/stm32f1xx_hal.o
 .debug_info    0x0000000000003137      0xb02 ./Drivers/STM32F1xx_HAL_Driver/Src/stm32f1xx_hal_cortex.o
 .debug_info    0x0000000000003c39      0x615 ./Drivers/STM32F1xx_HAL_Driver/Src/stm32f1xx_hal_gpio.o
 .debug_info    0x000000000000424e      0x860 ./Drivers/STM32F1xx_HAL_Driver/Src/stm32f1xx_hal_rcc.o
 .debug_info    0x0000000000004aae     0x29de ./Drivers/STM32F1xx_HAL_Driver/Src/stm32f1xx_hal_tim.o
 .debug_info    0x000000000000748c     0x1513 ./Drivers/STM32F1xx_HAL_Driver/Src/stm32f1xx_hal_tim_ex.o

.debug_abbrev   0x0000000000000000     0x1bfb
 .debug_abbrev  0x0000000000000000       0xba ./Core/Src/fsm_automatic.o
 .debug_abbrev  0x00000000000000ba      0x10c ./Core/Src/fsm_display.o
 .debug_abbrev  0x00000000000001c6       0xcd ./Core/Src/fsm_manual.o
 .debug_abbrev  0x0000000000000293       0x82 ./Core/Src/global.o
 .debug_abbrev  0x0000000000000315      0x14c ./Core/Src/input_reading.o
 .debug_abbrev  0x0000000000000461      0x282 ./Core/Src/main.o
 .debug_abbrev  0x00000000000006e3      0x1ca ./Core/Src/output_display.o
 .debug_abbrev  0x00000000000008ad      0x19f ./Core/Src/stm32f1xx_hal_msp.o
 .debug_abbrev  0x0000000000000a4c      0x184 ./Core/Src/stm32f1xx_it.o
 .debug_abbrev  0x0000000000000bd0      0x13b ./Core/Src/system_stm32f1xx.o
 .debug_abbrev  0x0000000000000d0b       0xd1 ./Core/Src/timer_interrupt.o
 .debug_abbrev  0x0000000000000ddc       0x12 ./Core/Startup/startup_stm32f103c6ux.o
 .debug_abbrev  0x0000000000000dee      0x1fb ./Drivers/STM32F1xx_HAL_Driver/Src/stm32f1xx_hal.o
 .debug_abbrev  0x0000000000000fe9      0x2ed ./Drivers/STM32F1xx_HAL_Driver/Src/stm32f1xx_hal_cortex.o
 .debug_abbrev  0x00000000000012d6      0x1bb ./Drivers/STM32F1xx_HAL_Driver/Src/stm32f1xx_hal_gpio.o
 .debug_abbrev  0x0000000000001491      0x2a8 ./Drivers/STM32F1xx_HAL_Driver/Src/stm32f1xx_hal_rcc.o
 .debug_abbrev  0x0000000000001739      0x25d ./Drivers/STM32F1xx_HAL_Driver/Src/stm32f1xx_hal_tim.o
 .debug_abbrev  0x0000000000001996      0x265 ./Drivers/STM32F1xx_HAL_Driver/Src/stm32f1xx_hal_tim_ex.o

.debug_aranges  0x0000000000000000      0xa80
 .debug_aranges
                0x0000000000000000       0x30 ./Core/Src/fsm_automatic.o
 .debug_aranges
                0x0000000000000030       0x30 ./Core/Src/fsm_display.o
 .debug_aranges
                0x0000000000000060       0x30 ./Core/Src/fsm_manual.o
 .debug_aranges
                0x0000000000000090       0x20 ./Core/Src/global.o
 .debug_aranges
                0x00000000000000b0       0x28 ./Core/Src/input_reading.o
 .debug_aranges
                0x00000000000000d8       0x48 ./Core/Src/main.o
 .debug_aranges
                0x0000000000000120       0x48 ./Core/Src/output_display.o
 .debug_aranges
                0x0000000000000168       0x30 ./Core/Src/stm32f1xx_hal_msp.o
 .debug_aranges
                0x0000000000000198       0x68 ./Core/Src/stm32f1xx_it.o
 .debug_aranges
                0x0000000000000200       0x28 ./Core/Src/system_stm32f1xx.o
 .debug_aranges
                0x0000000000000228       0x30 ./Core/Src/timer_interrupt.o
 .debug_aranges
                0x0000000000000258       0x28 ./Core/Startup/startup_stm32f103c6ux.o
 .debug_aranges
                0x0000000000000280       0xe0 ./Drivers/STM32F1xx_HAL_Driver/Src/stm32f1xx_hal.o
 .debug_aranges
                0x0000000000000360      0x100 ./Drivers/STM32F1xx_HAL_Driver/Src/stm32f1xx_hal_cortex.o
 .debug_aranges
                0x0000000000000460       0x58 ./Drivers/STM32F1xx_HAL_Driver/Src/stm32f1xx_hal_gpio.o
 .debug_aranges
                0x00000000000004b8       0x90 ./Drivers/STM32F1xx_HAL_Driver/Src/stm32f1xx_hal_rcc.o
 .debug_aranges
                0x0000000000000548      0x3d0 ./Drivers/STM32F1xx_HAL_Driver/Src/stm32f1xx_hal_tim.o
 .debug_aranges
                0x0000000000000918      0x168 ./Drivers/STM32F1xx_HAL_Driver/Src/stm32f1xx_hal_tim_ex.o

.debug_ranges   0x0000000000000000      0x968
 .debug_ranges  0x0000000000000000       0x20 ./Core/Src/fsm_automatic.o
 .debug_ranges  0x0000000000000020       0x20 ./Core/Src/fsm_display.o
 .debug_ranges  0x0000000000000040       0x20 ./Core/Src/fsm_manual.o
 .debug_ranges  0x0000000000000060       0x10 ./Core/Src/global.o
 .debug_ranges  0x0000000000000070       0x18 ./Core/Src/input_reading.o
 .debug_ranges  0x0000000000000088       0x38 ./Core/Src/main.o
 .debug_ranges  0x00000000000000c0       0x38 ./Core/Src/output_display.o
 .debug_ranges  0x00000000000000f8       0x20 ./Core/Src/stm32f1xx_hal_msp.o
 .debug_ranges  0x0000000000000118       0x58 ./Core/Src/stm32f1xx_it.o
 .debug_ranges  0x0000000000000170       0x18 ./Core/Src/system_stm32f1xx.o
 .debug_ranges  0x0000000000000188       0x20 ./Core/Src/timer_interrupt.o
 .debug_ranges  0x00000000000001a8       0x20 ./Core/Startup/startup_stm32f103c6ux.o
 .debug_ranges  0x00000000000001c8       0xd0 ./Drivers/STM32F1xx_HAL_Driver/Src/stm32f1xx_hal.o
 .debug_ranges  0x0000000000000298       0xf0 ./Drivers/STM32F1xx_HAL_Driver/Src/stm32f1xx_hal_cortex.o
 .debug_ranges  0x0000000000000388       0x48 ./Drivers/STM32F1xx_HAL_Driver/Src/stm32f1xx_hal_gpio.o
 .debug_ranges  0x00000000000003d0       0x80 ./Drivers/STM32F1xx_HAL_Driver/Src/stm32f1xx_hal_rcc.o
 .debug_ranges  0x0000000000000450      0x3c0 ./Drivers/STM32F1xx_HAL_Driver/Src/stm32f1xx_hal_tim.o
 .debug_ranges  0x0000000000000810      0x158 ./Drivers/STM32F1xx_HAL_Driver/Src/stm32f1xx_hal_tim_ex.o

.debug_macro    0x0000000000000000    0x16d75
 .debug_macro   0x0000000000000000      0x1eb ./Core/Src/fsm_automatic.o
 .debug_macro   0x00000000000001eb      0xa6c ./Core/Src/fsm_automatic.o
 .debug_macro   0x0000000000000c57       0x46 ./Core/Src/fsm_automatic.o
 .debug_macro   0x0000000000000c9d      0x215 ./Core/Src/fsm_automatic.o
 .debug_macro   0x0000000000000eb2       0x2e ./Core/Src/fsm_automatic.o
 .debug_macro   0x0000000000000ee0       0x22 ./Core/Src/fsm_automatic.o
 .debug_macro   0x0000000000000f02       0x22 ./Core/Src/fsm_automatic.o
 .debug_macro   0x0000000000000f24       0x8e ./Core/Src/fsm_automatic.o
 .debug_macro   0x0000000000000fb2       0x51 ./Core/Src/fsm_automatic.o
 .debug_macro   0x0000000000001003      0x103 ./Core/Src/fsm_automatic.o
 .debug_macro   0x0000000000001106       0x6a ./Core/Src/fsm_automatic.o
 .debug_macro   0x0000000000001170      0x1df ./Core/Src/fsm_automatic.o
 .debug_macro   0x000000000000134f       0x1c ./Core/Src/fsm_automatic.o
 .debug_macro   0x000000000000136b       0x22 ./Core/Src/fsm_automatic.o
 .debug_macro   0x000000000000138d       0xbd ./Core/Src/fsm_automatic.o
 .debug_macro   0x000000000000144a      0xd23 ./Core/Src/fsm_automatic.o
 .debug_macro   0x000000000000216d     0xde75 ./Core/Src/fsm_automatic.o
 .debug_macro   0x000000000000ffe2       0x6d ./Core/Src/fsm_automatic.o
 .debug_macro   0x000000000001004f     0x3468 ./Core/Src/fsm_automatic.o
 .debug_macro   0x00000000000134b7      0x174 ./Core/Src/fsm_automatic.o
 .debug_macro   0x000000000001362b       0x5c ./Core/Src/fsm_automatic.o
 .debug_macro   0x0000000000013687      0x5be ./Core/Src/fsm_automatic.o
 .debug_macro   0x0000000000013c45      0x1b7 ./Core/Src/fsm_automatic.o
 .debug_macro   0x0000000000013dfc      0x1cb ./Core/Src/fsm_automatic.o
 .debug_macro   0x0000000000013fc7      0x114 ./Core/Src/fsm_automatic.o
 .debug_macro   0x00000000000140db      0x1b2 ./Core/Src/fsm_automatic.o
 .debug_macro   0x000000000001428d       0x27 ./Core/Src/fsm_automatic.o
 .debug_macro   0x00000000000142b4      0x12f ./Core/Src/fsm_automatic.o
 .debug_macro   0x00000000000143e3      0x1bc ./Core/Src/fsm_automatic.o
 .debug_macro   0x000000000001459f       0x34 ./Core/Src/fsm_automatic.o
 .debug_macro   0x00000000000145d3       0x3c ./Core/Src/fsm_automatic.o
 .debug_macro   0x000000000001460f       0x57 ./Core/Src/fsm_automatic.o
 .debug_macro   0x0000000000014666       0x88 ./Core/Src/fsm_automatic.o
 .debug_macro   0x00000000000146ee      0x183 ./Core/Src/fsm_automatic.o
 .debug_macro   0x0000000000014871      0x141 ./Core/Src/fsm_automatic.o
 .debug_macro   0x00000000000149b2      0x8d1 ./Core/Src/fsm_automatic.o
 .debug_macro   0x0000000000015283       0x69 ./Core/Src/fsm_automatic.o
 .debug_macro   0x00000000000152ec       0xf4 ./Core/Src/fsm_automatic.o
 .debug_macro   0x00000000000153e0       0x34 ./Core/Src/fsm_automatic.o
 .debug_macro   0x0000000000015414      0x203 ./Core/Src/fsm_display.o
 .debug_macro   0x0000000000015617      0x208 ./Core/Src/fsm_manual.o
 .debug_macro   0x000000000001581f       0x1c ./Core/Src/fsm_manual.o
 .debug_macro   0x000000000001583b       0x1a ./Core/Src/global.o
 .debug_macro   0x0000000000015855      0x1cb ./Core/Src/input_reading.o
 .debug_macro   0x0000000000015a20       0x16 ./Core/Src/input_reading.o
 .debug_macro   0x0000000000015a36      0x20c ./Core/Src/main.o
 .debug_macro   0x0000000000015c42       0x2e ./Core/Src/main.o
 .debug_macro   0x0000000000015c70      0x1ba ./Core/Src/output_display.o
 .debug_macro   0x0000000000015e2a      0x1a7 ./Core/Src/stm32f1xx_hal_msp.o
 .debug_macro   0x0000000000015fd1      0x1b1 ./Core/Src/stm32f1xx_it.o
 .debug_macro   0x0000000000016182      0x198 ./Core/Src/system_stm32f1xx.o
 .debug_macro   0x000000000001631a       0x29 ./Core/Src/timer_interrupt.o
 .debug_macro   0x0000000000016343      0x1bc ./Drivers/STM32F1xx_HAL_Driver/Src/stm32f1xx_hal.o
 .debug_macro   0x00000000000164ff      0x198 ./Drivers/STM32F1xx_HAL_Driver/Src/stm32f1xx_hal_cortex.o
 .debug_macro   0x0000000000016697      0x203 ./Drivers/STM32F1xx_HAL_Driver/Src/stm32f1xx_hal_gpio.o
 .debug_macro   0x000000000001689a      0x1aa ./Drivers/STM32F1xx_HAL_Driver/Src/stm32f1xx_hal_rcc.o
 .debug_macro   0x0000000000016a44      0x199 ./Drivers/STM32F1xx_HAL_Driver/Src/stm32f1xx_hal_tim.o
 .debug_macro   0x0000000000016bdd      0x198 ./Drivers/STM32F1xx_HAL_Driver/Src/stm32f1xx_hal_tim_ex.o

.debug_line     0x0000000000000000     0xb8b9
 .debug_line    0x0000000000000000      0x790 ./Core/Src/fsm_automatic.o
 .debug_line    0x0000000000000790      0x755 ./Core/Src/fsm_display.o
 .debug_line    0x0000000000000ee5      0x7c7 ./Core/Src/fsm_manual.o
 .debug_line    0x00000000000016ac       0x71 ./Core/Src/global.o
 .debug_line    0x000000000000171d      0x710 ./Core/Src/input_reading.o
 .debug_line    0x0000000000001e2d      0x7f3 ./Core/Src/main.o
 .debug_line    0x0000000000002620      0x77a ./Core/Src/output_display.o
 .debug_line    0x0000000000002d9a      0x695 ./Core/Src/stm32f1xx_hal_msp.o
 .debug_line    0x000000000000342f      0x734 ./Core/Src/stm32f1xx_it.o
 .debug_line    0x0000000000003b63      0x6d8 ./Core/Src/system_stm32f1xx.o
 .debug_line    0x000000000000423b       0xff ./Core/Src/timer_interrupt.o
 .debug_line    0x000000000000433a       0x87 ./Core/Startup/startup_stm32f103c6ux.o
 .debug_line    0x00000000000043c1      0x905 ./Drivers/STM32F1xx_HAL_Driver/Src/stm32f1xx_hal.o
 .debug_line    0x0000000000004cc6      0xaed ./Drivers/STM32F1xx_HAL_Driver/Src/stm32f1xx_hal_cortex.o
 .debug_line    0x00000000000057b3      0x987 ./Drivers/STM32F1xx_HAL_Driver/Src/stm32f1xx_hal_gpio.o
 .debug_line    0x000000000000613a      0xd13 ./Drivers/STM32F1xx_HAL_Driver/Src/stm32f1xx_hal_rcc.o
 .debug_line    0x0000000000006e4d     0x3271 ./Drivers/STM32F1xx_HAL_Driver/Src/stm32f1xx_hal_tim.o
 .debug_line    0x000000000000a0be     0x17fb ./Drivers/STM32F1xx_HAL_Driver/Src/stm32f1xx_hal_tim_ex.o

.debug_str      0x0000000000000000    0x8222f
 .debug_str     0x0000000000000000    0x7f502 ./Core/Src/fsm_automatic.o
                                      0x7f83f (size before relaxing)
 .debug_str     0x000000000007f502       0xf2 ./Core/Src/fsm_display.o
                                      0x7f846 (size before relaxing)
 .debug_str     0x000000000007f5f4       0xde ./Core/Src/fsm_manual.o
                                      0x7f8af (size before relaxing)
 .debug_str     0x000000000007f6d2       0x26 ./Core/Src/global.o
                                       0x2d91 (size before relaxing)
 .debug_str     0x000000000007f6f8       0xf5 ./Core/Src/input_reading.o
                                      0x7f7f8 (size before relaxing)
 .debug_str     0x000000000007f7ed      0x7b1 ./Core/Src/main.o
                                      0x8008a (size before relaxing)
 .debug_str     0x000000000007ff9e       0x25 ./Core/Src/output_display.o
                                      0x7f7ca (size before relaxing)
 .debug_str     0x000000000007ffc3      0x2d2 ./Core/Src/stm32f1xx_hal_msp.o
                                      0x7fe69 (size before relaxing)
 .debug_str     0x0000000000080295       0xec ./Core/Src/stm32f1xx_it.o
                                      0x7fbd2 (size before relaxing)
 .debug_str     0x0000000000080381       0x88 ./Core/Src/system_stm32f1xx.o
                                      0x7f3b1 (size before relaxing)
 .debug_str     0x0000000000080409       0x2f ./Core/Src/timer_interrupt.o
                                       0x2e12 (size before relaxing)
 .debug_str     0x0000000000080438       0x36 ./Core/Startup/startup_stm32f103c6ux.o
                                         0xaf (size before relaxing)
 .debug_str     0x000000000008046e      0x38e ./Drivers/STM32F1xx_HAL_Driver/Src/stm32f1xx_hal.o
                                      0x7faaa (size before relaxing)
 .debug_str     0x00000000000807fc      0x29e ./Drivers/STM32F1xx_HAL_Driver/Src/stm32f1xx_hal_cortex.o
                                      0x7f9f6 (size before relaxing)
 .debug_str     0x0000000000080a9a      0x309 ./Drivers/STM32F1xx_HAL_Driver/Src/stm32f1xx_hal_gpio.o
                                      0x7f737 (size before relaxing)
 .debug_str     0x0000000000080da3      0x229 ./Drivers/STM32F1xx_HAL_Driver/Src/stm32f1xx_hal_rcc.o
                                      0x7f7e0 (size before relaxing)
 .debug_str     0x0000000000080fcc      0xdd0 ./Drivers/STM32F1xx_HAL_Driver/Src/stm32f1xx_hal_tim.o
                                      0x807cb (size before relaxing)
 .debug_str     0x0000000000081d9c      0x493 ./Drivers/STM32F1xx_HAL_Driver/Src/stm32f1xx_hal_tim_ex.o
                                      0x7ffe7 (size before relaxing)

.comment        0x0000000000000000       0x50
 .comment       0x0000000000000000       0x50 ./Core/Src/fsm_automatic.o
                                         0x51 (size before relaxing)
 .comment       0x0000000000000050       0x51 ./Core/Src/fsm_display.o
 .comment       0x0000000000000050       0x51 ./Core/Src/fsm_manual.o
 .comment       0x0000000000000050       0x51 ./Core/Src/global.o
 .comment       0x0000000000000050       0x51 ./Core/Src/input_reading.o
 .comment       0x0000000000000050       0x51 ./Core/Src/main.o
 .comment       0x0000000000000050       0x51 ./Core/Src/output_display.o
 .comment       0x0000000000000050       0x51 ./Core/Src/stm32f1xx_hal_msp.o
 .comment       0x0000000000000050       0x51 ./Core/Src/stm32f1xx_it.o
 .comment       0x0000000000000050       0x51 ./Core/Src/system_stm32f1xx.o
 .comment       0x0000000000000050       0x51 ./Core/Src/timer_interrupt.o
 .comment       0x0000000000000050       0x51 ./Drivers/STM32F1xx_HAL_Driver/Src/stm32f1xx_hal.o
 .comment       0x0000000000000050       0x51 ./Drivers/STM32F1xx_HAL_Driver/Src/stm32f1xx_hal_cortex.o
 .comment       0x0000000000000050       0x51 ./Drivers/STM32F1xx_HAL_Driver/Src/stm32f1xx_hal_gpio.o
 .comment       0x0000000000000050       0x51 ./Drivers/STM32F1xx_HAL_Driver/Src/stm32f1xx_hal_rcc.o
 .comment       0x0000000000000050       0x51 ./Drivers/STM32F1xx_HAL_Driver/Src/stm32f1xx_hal_tim.o
 .comment       0x0000000000000050       0x51 ./Drivers/STM32F1xx_HAL_Driver/Src/stm32f1xx_hal_tim_ex.o

.debug_frame    0x0000000000000000     0x2908
 .debug_frame   0x0000000000000000       0x68 ./Core/Src/fsm_automatic.o
 .debug_frame   0x0000000000000068       0x70 ./Core/Src/fsm_display.o
 .debug_frame   0x00000000000000d8       0x68 ./Core/Src/fsm_manual.o
 .debug_frame   0x0000000000000140       0x38 ./Core/Src/global.o
 .debug_frame   0x0000000000000178       0x58 ./Core/Src/input_reading.o
 .debug_frame   0x00000000000001d0       0xd4 ./Core/Src/main.o
 .debug_frame   0x00000000000002a4       0xe4 ./Core/Src/output_display.o
 .debug_frame   0x0000000000000388       0x80 ./Core/Src/stm32f1xx_hal_msp.o
 .debug_frame   0x0000000000000408      0x120 ./Core/Src/stm32f1xx_it.o
 .debug_frame   0x0000000000000528       0x58 ./Core/Src/system_stm32f1xx.o
 .debug_frame   0x0000000000000580       0x88 ./Core/Src/timer_interrupt.o
 .debug_frame   0x0000000000000608      0x334 ./Drivers/STM32F1xx_HAL_Driver/Src/stm32f1xx_hal.o
 .debug_frame   0x000000000000093c      0x428 ./Drivers/STM32F1xx_HAL_Driver/Src/stm32f1xx_hal_cortex.o
 .debug_frame   0x0000000000000d64      0x14c ./Drivers/STM32F1xx_HAL_Driver/Src/stm32f1xx_hal_gpio.o
 .debug_frame   0x0000000000000eb0      0x21c ./Drivers/STM32F1xx_HAL_Driver/Src/stm32f1xx_hal_rcc.o
 .debug_frame   0x00000000000010cc     0x11b8 ./Drivers/STM32F1xx_HAL_Driver/Src/stm32f1xx_hal_tim.o
 .debug_frame   0x0000000000002284      0x638 ./Drivers/STM32F1xx_HAL_Driver/Src/stm32f1xx_hal_tim_ex.o
 .debug_frame   0x00000000000028bc       0x2c c:/st/stm32cubeide_1.10.1/stm32cubeide/plugins/com.st.stm32cube.ide.mcu.externaltools.gnu-tools-for-stm32.10.3-2021.10.win32_1.0.0.202111181127/tools/bin/../lib/gcc/arm-none-eabi/10.3.1/../../../../arm-none-eabi/lib/thumb/v7-m/nofp\libc_nano.a(lib_a-init.o)
 .debug_frame   0x00000000000028e8       0x20 c:/st/stm32cubeide_1.10.1/stm32cubeide/plugins/com.st.stm32cube.ide.mcu.externaltools.gnu-tools-for-stm32.10.3-2021.10.win32_1.0.0.202111181127/tools/bin/../lib/gcc/arm-none-eabi/10.3.1/../../../../arm-none-eabi/lib/thumb/v7-m/nofp\libc_nano.a(lib_a-memset.o)
